// Jest Snapshot v1, https://goo.gl/fbAQLP

exports[`test calculateData it should render table 1`] = `"<div id=\\"resp-table-body\\"><div class=\\"resp-table-row\\"><div class=\\"table-body-cell\\">usdjpy</div><div class=\\"table-body-cell\\">106.7297012204255</div><div class=\\"table-body-cell\\">107.25199883791178</div><div class=\\"table-body-cell\\">-2.8769211401569663</div><div class=\\"table-body-cell\\">-4.862314256927661</div><div class=\\"table-body-cell\\"><span></span></div></div></div>"`;
